[21:23:19] [ServerMain/INFO]: Environment: Environment[sessionHost=https://sessionserver.mojang.com, servicesHost=https://api.minecraftservices.com, name=PROD]
[21:23:21] [ServerMain/INFO]: Loaded 1290 recipes
[21:23:22] [ServerMain/INFO]: Loaded 1399 advancements
[21:23:22] [Server thread/INFO]: Starting minecraft server version 1.21.1
[21:23:22] [Server thread/INFO]: Loading properties
[21:23:22] [Server thread/INFO]: Default game type: SURVIVAL
[21:23:22] [Server thread/INFO]: Generating keypair
[21:23:22] [Server thread/INFO]: Starting Minecraft server on *:25565
[21:23:22] [Server thread/INFO]: Using default channel type
[21:23:22] [Server thread/WARN]: **** SERVER IS RUNNING IN OFFLINE/INSECURE MODE!
[21:23:22] [Server thread/WARN]: The server will make no attempt to authenticate usernames. Beware.
[21:23:22] [Server thread/WARN]: While this makes the game possible to play without internet access, it also opens up the ability for hackers to connect with any username they choose.
[21:23:22] [Server thread/WARN]: To change this, set "online-mode" to "true" in the server.properties file.
[21:23:23] [Server thread/INFO]: Preparing level "world"
[21:23:23] [Server thread/INFO]: Preparing start region for dimension minecraft:overworld
[21:23:24] [Worker-Main-15/INFO]: Preparing spawn area: 0%
[21:23:24] [Server thread/INFO]: Time elapsed: 554 ms
[21:23:24] [Server thread/INFO]: Done (1.537s)! For help, type "help"
[21:24:37] [Netty Server IO #1/ERROR]: Error sending packet clientbound/minecraft:disconnect
io.netty.handler.codec.EncoderException: Sending unknown packet 'clientbound/minecraft:disconnect'
	at yw.a(SourceFile:47) ~[server-1.21.1.jar:?]
	at yw.encode(SourceFile:14) ~[server-1.21.1.jar:?]
	at we.a(SourceFile:26) ~[server-1.21.1.jar:?]
	at we.encode(SourceFile:12) ~[server-1.21.1.jar:?]
	at io.netty.handler.codec.MessageToByteEncoder.write(MessageToByteEncoder.java:107) ~[netty-codec-4.1.97.Final.jar:4.1.97.Final]
	at io.netty.channel.AbstractChannelHandlerContext.invokeWrite0(AbstractChannelHandlerContext.java:881) ~[netty-transport-4.1.97.Final.jar:4.1.97.Final]
	at io.netty.channel.AbstractChannelHandlerContext.invokeWrite(AbstractChannelHandlerContext.java:863) ~[netty-transport-4.1.97.Final.jar:4.1.97.Final]
	at io.netty.channel.AbstractChannelHandlerContext.write(AbstractChannelHandlerContext.java:968) ~[netty-transport-4.1.97.Final.jar:4.1.97.Final]
	at io.netty.channel.AbstractChannelHandlerContext.write(AbstractChannelHandlerContext.java:856) ~[netty-transport-4.1.97.Final.jar:4.1.97.Final]
	at io.netty.channel.ChannelOutboundHandlerAdapter.write(ChannelOutboundHandlerAdapter.java:113) ~[netty-transport-4.1.97.Final.jar:4.1.97.Final]
	at vt$2.write(SourceFile:530) ~[server-1.21.1.jar:?]
	at io.netty.channel.AbstractChannelHandlerContext.invokeWrite0(AbstractChannelHandlerContext.java:881) ~[netty-transport-4.1.97.Final.jar:4.1.97.Final]
	at io.netty.channel.AbstractChannelHandlerContext.invokeWriteAndFlush(AbstractChannelHandlerContext.java:940) ~[netty-transport-4.1.97.Final.jar:4.1.97.Final]
	at io.netty.channel.AbstractChannelHandlerContext.write(AbstractChannelHandlerContext.java:966) ~[netty-transport-4.1.97.Final.jar:4.1.97.Final]
	at io.netty.channel.AbstractChannelHandlerContext.writeAndFlush(AbstractChannelHandlerContext.java:934) ~[netty-transport-4.1.97.Final.jar:4.1.97.Final]
	at io.netty.channel.AbstractChannelHandlerContext.writeAndFlush(AbstractChannelHandlerContext.java:984) ~[netty-transport-4.1.97.Final.jar:4.1.97.Final]
	at io.netty.channel.DefaultChannelPipeline.writeAndFlush(DefaultChannelPipeline.java:1025) ~[netty-transport-4.1.97.Final.jar:4.1.97.Final]
	at io.netty.channel.AbstractChannel.writeAndFlush(AbstractChannel.java:306) ~[netty-transport-4.1.97.Final.jar:4.1.97.Final]
	at vt.c(SourceFile:350) ~[server-1.21.1.jar:?]
	at vt.b(SourceFile:343) ~[server-1.21.1.jar:?]
	at vt.a(SourceFile:325) ~[server-1.21.1.jar:?]
	at vt.a(SourceFile:319) ~[server-1.21.1.jar:?]
	at vt.exceptionCaught(SourceFile:170) ~[server-1.21.1.jar:?]
	at io.netty.channel.AbstractChannelHandlerContext.invokeExceptionCaught(AbstractChannelHandlerContext.java:346) ~[netty-transport-4.1.97.Final.jar:4.1.97.Final]
	at io.netty.channel.AbstractChannelHandlerContext.invokeExceptionCaught(AbstractChannelHandlerContext.java:325) ~[netty-transport-4.1.97.Final.jar:4.1.97.Final]
	at io.netty.channel.AbstractChannelHandlerContext.fireExceptionCaught(AbstractChannelHandlerContext.java:317) ~[netty-transport-4.1.97.Final.jar:4.1.97.Final]
	at io.netty.channel.DefaultChannelPipeline$HeadContext.exceptionCaught(DefaultChannelPipeline.java:1377) ~[netty-transport-4.1.97.Final.jar:4.1.97.Final]
	at io.netty.channel.AbstractChannelHandlerContext.invokeExceptionCaught(AbstractChannelHandlerContext.java:346) ~[netty-transport-4.1.97.Final.jar:4.1.97.Final]
	at io.netty.channel.AbstractChannelHandlerContext.invokeExceptionCaught(AbstractChannelHandlerContext.java:325) ~[netty-transport-4.1.97.Final.jar:4.1.97.Final]
	at io.netty.channel.DefaultChannelPipeline.fireExceptionCaught(DefaultChannelPipeline.java:907) ~[netty-transport-4.1.97.Final.jar:4.1.97.Final]
	at io.netty.channel.nio.AbstractNioByteChannel$NioByteUnsafe.handleReadException(AbstractNioByteChannel.java:125) ~[netty-transport-4.1.97.Final.jar:4.1.97.Final]
	at io.netty.channel.nio.AbstractNioByteChannel$NioByteUnsafe.read(AbstractNioByteChannel.java:177) ~[netty-transport-4.1.97.Final.jar:4.1.97.Final]
	at io.netty.channel.nio.NioEventLoop.processSelectedKey(NioEventLoop.java:788) ~[netty-transport-4.1.97.Final.jar:4.1.97.Final]
	at io.netty.channel.nio.NioEventLoop.processSelectedKeysOptimized(NioEventLoop.java:724) ~[netty-transport-4.1.97.Final.jar:4.1.97.Final]
	at io.netty.channel.nio.NioEventLoop.processSelectedKeys(NioEventLoop.java:650) ~[netty-transport-4.1.97.Final.jar:4.1.97.Final]
	at io.netty.channel.nio.NioEventLoop.run(NioEventLoop.java:562) ~[netty-transport-4.1.97.Final.jar:4.1.97.Final]
	at io.netty.util.concurrent.SingleThreadEventExecutor$4.run(SingleThreadEventExecutor.java:997) ~[netty-common-4.1.97.Final.jar:4.1.97.Final]
	at io.netty.util.internal.ThreadExecutorMap$2.run(ThreadExecutorMap.java:74) ~[netty-common-4.1.97.Final.jar:4.1.97.Final]
	at java.base/java.lang.Thread.run(Thread.java:1583) [?:?]
[21:24:39] [Server thread/INFO]: Pignu[/127.0.0.1:53964] logged in with entity id 8 at (-201.16565308591072, 63.0, 599.2375000119209)
[21:24:39] [Server thread/INFO]: Pignu joined the game
[21:35:09] [Server thread/INFO]: Pignu lost connection: Disconnected
[21:35:09] [Server thread/INFO]: Pignu left the game
[21:37:08] [Server thread/INFO]: Pignu[/127.0.0.1:54251] logged in with entity id 3024 at (-443.1670579213824, 74.0, 248.82897933793566)
[21:37:08] [Server thread/INFO]: Pignu joined the game
[21:40:05] [Server thread/WARN]: Mismatch in destroy block pos: jd{x=-289, y=43, z=300} jd{x=-79, y=46, z=236}
[21:40:05] [Server thread/WARN]: Mismatch in destroy block pos: jd{x=-289, y=43, z=300} jd{x=-79, y=46, z=235}
[21:40:05] [Server thread/WARN]: Mismatch in destroy block pos: jd{x=-289, y=43, z=300} jd{x=-79, y=46, z=235}
[21:40:05] [Server thread/WARN]: Mismatch in destroy block pos: jd{x=-289, y=43, z=300} jd{x=-79, y=46, z=235}
[21:42:02] [Server thread/WARN]: Mismatch in destroy block pos: jd{x=181, y=69, z=431} jd{x=180, y=70, z=432}
[21:42:02] [Server thread/WARN]: Mismatch in destroy block pos: jd{x=181, y=69, z=431} jd{x=180, y=70, z=432}
[21:42:02] [Server thread/WARN]: Mismatch in destroy block pos: jd{x=181, y=69, z=431} jd{x=180, y=70, z=432}
[21:42:02] [Server thread/WARN]: Mismatch in destroy block pos: jd{x=181, y=69, z=431} jd{x=180, y=70, z=432}
[21:42:02] [Server thread/WARN]: Mismatch in destroy block pos: jd{x=181, y=69, z=431} jd{x=180, y=70, z=432}
[21:42:02] [Server thread/WARN]: Mismatch in destroy block pos: jd{x=181, y=69, z=431} jd{x=180, y=70, z=432}
[21:42:02] [Server thread/WARN]: Mismatch in destroy block pos: jd{x=181, y=69, z=431} jd{x=180, y=70, z=432}
[21:42:03] [Server thread/WARN]: Mismatch in destroy block pos: jd{x=181, y=69, z=431} jd{x=180, y=70, z=432}
[21:42:03] [Server thread/WARN]: Mismatch in destroy block pos: jd{x=181, y=69, z=431} jd{x=180, y=70, z=432}
[21:42:03] [Server thread/WARN]: Mismatch in destroy block pos: jd{x=181, y=69, z=431} jd{x=180, y=70, z=432}
[21:42:03] [Server thread/WARN]: Mismatch in destroy block pos: jd{x=181, y=69, z=431} jd{x=180, y=70, z=432}
[21:42:03] [Server thread/WARN]: Mismatch in destroy block pos: jd{x=181, y=69, z=431} jd{x=180, y=70, z=432}
[21:42:03] [Server thread/WARN]: Mismatch in destroy block pos: jd{x=181, y=69, z=431} jd{x=180, y=70, z=432}
[21:42:03] [Server thread/WARN]: Mismatch in destroy block pos: jd{x=181, y=69, z=431} jd{x=180, y=70, z=432}
[21:42:03] [Server thread/WARN]: Mismatch in destroy block pos: jd{x=181, y=69, z=431} jd{x=180, y=70, z=432}
[21:42:03] [Server thread/WARN]: Mismatch in destroy block pos: jd{x=181, y=69, z=431} jd{x=180, y=70, z=432}
[21:42:28] [Server thread/INFO]: Pignu has completed the challenge [Hot Tourist Destinations]
[21:42:36] [Server thread/INFO]: Pignu lost connection: Disconnected
[21:42:36] [Server thread/INFO]: Pignu left the game
[21:52:44] [Server thread/INFO]: Stopping the server
[21:52:44] [Server thread/INFO]: Stopping server
[21:52:44] [Server thread/INFO]: Saving players
[21:52:44] [Server thread/INFO]: Saving worlds
[21:52:44] [Server thread/INFO]: Saving chunks for level 'ServerLevel[world]'/minecraft:overworld
[21:52:44] [Server thread/INFO]: Saving chunks for level 'ServerLevel[world]'/minecraft:the_end
[21:52:44] [Server thread/INFO]: Saving chunks for level 'ServerLevel[world]'/minecraft:the_nether
[21:52:44] [Server thread/INFO]: ThreadedAnvilChunkStorage (world): All chunks are saved
[21:52:44] [Server thread/INFO]: ThreadedAnvilChunkStorage (DIM1): All chunks are saved
[21:52:44] [Server thread/INFO]: ThreadedAnvilChunkStorage (DIM-1): All chunks are saved
[21:52:44] [Server thread/INFO]: ThreadedAnvilChunkStorage: All dimensions are saved
